MAP
  NAME "RGEOCODER"
  STATUS ON
  #EXTENT -180.0 -14.8 -51.75 113.4 

# test data set
#  File Bounds: (     -88.264,      41.470,0,0)
#           to  (     -87.525,      42.154,0,0)
#  EXTENT -88.264 41.470 -87.525 42.154

# test data set
# File Bounds: (     -71.887,      42.157,0,0)
#          to  (     -71.021,      42.730,0,0)
  EXTENT -71.887 42.157 -71.021 42.730
         
           
  SHAPEPATH "/u/data/rgeo-tgr"
  UNITS DD

  WEB 
    METADATA
      "ENCODING" "LATIN1"
    END
  END

# 
# woodbri@carto:/u/data/rgeo-tgr$ dbfdump -info Streets
# Filename: Streets.dbf
# Version: 0x03 (ver. 3)
# Num of records: 68893
# Header length: 801
# Record length: 591
# Last change: 1995/7/26
# Num fields: 24
# Field info:
# Num Name  Type Len Decimal
# 1. LINK_ID         N       10      0
# 2. NAME            C       80      0
# 3. L_REFADDR       N       10      0
# 4. L_NREFADDR      N       10      0
# 5. L_SQLNUMF       C       12      0
# 6. L_SQLFMT        C       16      0
# 7. L_CFORMAT       C       16      0
# 8. R_REFADDR       N       10      0
# 9. R_NREFADDR      N       10      0
# 10. R_SQLNUMF       C       12      0
# 11. R_SQLFMT        C       16      0
# 12. R_CFORMAT       C       16      0
# 13. L_AC5           C       35      0
# 14. L_AC4           C       35      0
# 15. L_AC3           C       35      0
# 16. L_AC2           C       35      0
# 17. L_AC1           C       35      0
# 18. R_AC5           C       35      0
# 19. R_AC4           C       35      0
# 20. R_AC3           C       35      0
# 21. R_AC2           C       35      0
# 22. R_AC1           C       35      0
# 23. L_POSTCODE      C       11      0
# 24. R_POSTCODE      C       11      0
# 

  LAYER
    NAME "streets"
    TYPE QUERY
    STATUS ON
    DATA "Streets"
    TOLERANCE 150
    TOLERANCEUNITS FEET
    CLASS
      TEMPLATE "dummy"
    END
    METADATA
      "DESCRIPTION"    "Streets"
      "RESULT_FIELDS"    "LINK_ID NAME L_REFADDR L_NREFADDR R_REFADDR R_NREFADDR L_AC5 L_AC4 L_AC3 L_AC2 L_AC1 R_AC5 R_AC4 R_AC3 R_AC2 R_AC1 L_POSTCODE R_POSTCODE"
      "FORMAT_STRING" "L_CFORMAT R_CFORMAT"
      "INTERPOLATE_ADDRESS" "L_REFADDR L_NREFADDR R_REFADDR R_NREFADDR"
      "STREET_NAME" "NAME"
      "SEARCH_MAX"       "2400"
      "CROSS_STREET_NAME" "NAME"
    END
  END

END
